[BEGIN GLOBALS]
[END GLOBALS]
[BEGIN foo LOCALS]
[END foo LOCALS]
enter foo
setout 1 1
goto lbl_0
lbl_0: leave foo
[BEGIN bar LOCALS]
[END bar LOCALS]
enter bar
setout 1 0
goto lbl_1
lbl_1: leave bar
[BEGIN func LOCALS]
x (formal)
b (formal)
[END func LOCALS]
enter func
getin 1 x
getin 2 b
lbl_2: leave func
[BEGIN main LOCALS]
tmp0 (tmp)
tmp1 (tmp)
tmp2 (tmp)
[END main LOCALS]
enter main
call foo
getout 1 tmp0
tmp1 := tmp0 ADD 1
setin 1 tmp1
call bar
getout 1 tmp2
setin 2 tmp2
call func
lbl_3: EXIT